npm error code ENOENT
npm error syscall open
npm error path /Users/awar/Documents/Mobius/package.json
npm error errno -2
npm error enoent Could not read package.json: Error: ENOENT: no such file or directory, open '/Users/awar/Documents/Mobius/package.json'
npm error enoent This is related to npm not being able to find a file.
npm error enoent
npm error A complete log of this run can be found in: /Users/awar/.npm/_logs/2025-08-22T19_25_07_379Z-debug-0.log
